[silver] excluding 1,248 gold comment ids and 1,631 gold texts
  ... 25,000 scanned, 20,153 with >=1 rule positive
  ... 50,000 scanned, 40,360 with >=1 rule positive
  ... 75,000 scanned, 60,206 with >=1 rule positive
  ... 100,000 scanned, 79,274 with >=1 rule positive
  ... 125,000 scanned, 98,931 with >=1 rule positive

[silver] scanned 127,924 relevant comments
[silver] 101,284 have >=1 rule positive; kept 26,640 of 26,640 all-negative comments
[silver] wrote 127,924 rows -> data/layer2/silver.csv

  tag                         pos       neg   abstain   pos% of relevant
  depression               19,304    65,365    43,255   15.09%
  anxiety                  30,673    58,666    38,585   23.98%
  stress_pressure          12,054    80,876    34,994    9.42%
  burnout_motivation        9,995    70,100    47,829    7.81%
  performance_psych        12,142    46,381    69,401    9.49%
  body_image_eating        11,574    76,773    39,577    9.05%
  injury_distress           3,283   104,747    19,894    2.57%
  self_harm_suicide         2,515   114,963    10,446    1.97%
  help_seeking             14,783    74,843    38,298   11.56%
  exercise_coping          20,012    37,608    70,304   15.64%
  substance_use             4,556   107,954    15,414    3.56%
  loneliness_isolation      2,927   107,954    17,043    2.29%
  sleep                     3,562   102,568    21,794    2.78%
  trauma_ptsd               2,681   115,736     9,507    2.10%
  adhd_neurodivergence      3,801   113,652    10,471    2.97%
  exercise_dependence       4,991   108,104    14,829    3.90%
